
> algopronos-ai@1.0.0 build
> next build

  Ôû▓ Next.js 14.2.28
  - Environments: .env

   Creating an optimized production build ...
 Ô£ô Compiled successfully
   Linting and checking validity of types ...
   Collecting page data ...
node.exe :  ÔÜá Using edge runtime 
on a page currently disables static 
generation for that page
Au caractère Ligne:1 : 1
+ & "C:\Program 
Files\nodejs/node.exe" "C:\Program 
Files\nodejs/node_mo ...
+ ~~~~~~~~~~~~~~~~~~~~~~~~~~~~~~~~~~~
~~~~~~~~~~~~~~~~~~~~~~~~~~~~~~~~~~
    + CategoryInfo          : 
NotSpecifi    ed: ( ÔÜá Using 
edge...n for that pa    ge:String) 
[], RemoteException
    + FullyQualifiedErrorId : 
NativeComm    andError
 
   Generating static pages (0/80) ...
Error getting current user: n 
[Error]: Dynamic server usage: Route 
/api/my-combines couldn't be 
rendered statically because it used 
`cookies`. See more info here: https:
//nextjs.org/docs/messages/dynamic-se
rver-error
    at l (C:\Users\HP\AlgoPronos-AI-n
ew\.next\server\chunks\8948.js:1:3722
0)
    at d (C:\Users\HP\AlgoPronos-AI-n
ew\.next\server\chunks\9702.js:5:9301
)
    at i (C:\Users\HP\AlgoPronos-AI-n
ew\.next\server\app\api\combines\[id]
\route.js:1:5047)
    at u (C:\Users\HP\AlgoPronos-AI-n
ew\.next\server\app\api\combines\[id]
\route.js:1:5525)
    at l (C:\Users\HP\AlgoPronos-AI-n
ew\.next\server\app\api\my-combines\r
oute.js:1:845)
    at C:\Users\HP\AlgoPronos-AI-new\
node_modules\next\dist\compiled\next-
server\app-route.runtime.prod.js:6:38
417
    at C:\Users\HP\AlgoPronos-AI-new\
node_modules\next\dist\server\lib\tra
ce\tracer.js:140:36
    at NoopContextManager.with (C:\Us
ers\HP\AlgoPronos-AI-new\node_modules
\next\dist\compiled\@opentelemetry\ap
i\index.js:1:7062)
    at ContextAPI.with (C:\Users\HP\A
lgoPronos-AI-new\node_modules\next\di
st\compiled\@opentelemetry\api\index.
js:1:518)
    at NoopTracer.startActiveSpan (C:
\Users\HP\AlgoPronos-AI-new\node_modu
les\next\dist\compiled\@opentelemetry
\api\index.js:1:18093) {
  description: "Route 
/api/my-combines couldn't be 
rendered statically because it used 
`cookies`. See more info here: https:
//nextjs.org/docs/messages/dynamic-se
rver-error",
  digest: 'DYNAMIC_SERVER_USAGE'
}
   Generating static pages (20/80) 
   Generating static pages (40/80) 
   Generating static pages (60/80) 
 Ô£ô Generating static pages (80/80)
   Finalizing page optimization ...
   Collecting build traces ...

Route (app)                              Size     First Load JS
Ôöî ãÆ /                                    10.5 kB         171 kB
Ôö£ Ôùï /_not-found                          876 B          88.1 kB
Ôö£ ÔùÅ /1xbet/[pays]                        2.95 kB         109 kB
Ôö£   Ôö£ /1xbet/benin
Ôö£   Ôö£ /1xbet/cote-divoire
Ôö£   Ôö£ /1xbet/senegal
Ôö£   Ôöö [+9 more paths]
Ôö£ ãÆ /admin                               3.32 kB         106 kB
Ôö£ ãÆ /admin/analytics                     156 B          87.4 kB
Ôö£ ãÆ /admin/settings                      156 B          87.4 kB
Ôö£ ãÆ /admin/tickets                       8.16 kB         122 kB
Ôö£ ãÆ /admin/users                         156 B          87.4 kB
Ôö£ ãÆ /admin/verifications                 7.13 kB         121 kB
Ôö£ Ôùï /algorithme-pronostic-foot           156 B           151 kB
Ôö£ Ôùï /ancien-code-promo-1xbet             2.95 kB         109 kB
Ôö£ ãÆ /api/1xbet-matches                   0 B                0 B
Ôö£ ãÆ /api/admin/generate-ticket           0 B                0 B
Ôö£ ãÆ /api/admin/resolve-tickets           0 B                0 B
Ôö£ ãÆ /api/admin/sync                      0 B                0 B
Ôö£ ãÆ /api/admin/tickets                   0 B                0 B
Ôö£ ãÆ /api/admin/verifications             0 B                0 B
Ôö£ ãÆ /api/analyze/[matchId]               0 B                0 B
Ôö£ ãÆ /api/anonymous/session               0 B                0 B
Ôö£ ãÆ /api/auth/reset-password             0 B                0 B
Ôö£ ãÆ /api/auth/send-email                 0 B                0 B
Ôö£ ãÆ /api/auth/verify-otp                 0 B                0 B
Ôö£ ãÆ /api/combines/[id]                   0 B                0 B
Ôö£ ãÆ /api/cron/resolve-tickets            0 B                0 B
Ôö£ ãÆ /api/debug-stats                     0 B                0 B
Ôö£ ãÆ /api/debug/football                  0 B                0 B
Ôö£ ãÆ /api/generate                        0 B                0 B
Ôö£ ãÆ /api/history                         0 B                0 B
Ôö£ ãÆ /api/matches                         0 B                0 B
Ôö£ ãÆ /api/my-combines                     0 B                0 B
Ôö£ ãÆ /api/pronostics/generate             0 B                0 B
Ôö£ ãÆ /api/ticket-du-jour                  0 B                0 B
Ôö£ ãÆ /api/ticket-image/[id]               0 B                0 B
Ôö£ ãÆ /api/ticket/[id]                     0 B                0 B
Ôö£ ãÆ /api/try-free                        0 B                0 B
Ôö£ ãÆ /api/verify-account                  0 B                0 B
Ôö£ ãÆ /api/vip/submit                      0 B                0 B
Ôö£ ãÆ /api/weekly/generate                 0 B                0 B
Ôö£ ãÆ /apple-icon                          0 B                0 B
Ôö£ ãÆ /auth/callback                       0 B                0 B
Ôö£ Ôùï /auth/error                          5.44 kB         108 kB
Ôö£ Ôùï /auth/success                        3.26 kB         106 kB
Ôö£ ãÆ /autres-liens                        887 B           110 kB
Ôö£ Ôùï /avis-algopronos                     3.48 kB         149 kB
Ôö£ Ôùï /classement                          8.2 kB          111 kB
Ôö£ Ôùï /code-promo-1xbet                    1.32 kB         110 kB
Ôö£ Ôùï /code-promo-1xbet-benin-ci-sn        2.95 kB         109 kB
Ôö£ ãÆ /code-promo-1xbet/opengraph-image    0 B                0 B
Ôö£ Ôùï /community                           2.42 kB         108 kB
Ôö£ Ôùï /compte-optimise-ia                  4.12 kB         164 kB
Ôö£ Ôùï /contact                             2.42 kB         108 kB
Ôö£ ãÆ /dashboard                           5.74 kB         112 kB
Ôö£ ãÆ /dashboard/combines                  7.44 kB         122 kB
Ôö£ ãÆ /dashboard/combines/[id]             11.2 kB         167 kB
Ôö£ ãÆ /dashboard/generate                  13.1 kB         119 kB
Ôö£ ãÆ /dashboard/history                   7.01 kB         115 kB
Ôö£ ãÆ /dashboard/settings                  6.73 kB         205 kB
Ôö£ Ôùï /data-analysis-multipliers           156 B           151 kB
Ôö£ ãÆ /equipe/[team]                       194 B          96.1 kB
Ôö£ ãÆ /forgot-password                     5.34 kB         113 kB
Ôö£ ãÆ /grandes-affiches                    194 B          96.1 kB
Ôö£ ãÆ /grandes-affiches/[slug]             194 B          96.1 kB
Ôö£ Ôùï /help                                2.42 kB         108 kB
Ôö£ Ôùï /historique                          10.1 kB         121 kB
Ôö£ ãÆ /icon                                0 B                0 B
Ôö£ Ôùï /legal                               2.42 kB         108 kB
Ôö£ ãÆ /ligue/[league]                      194 B          96.1 kB
Ôö£ Ôùï /login                               7.24 kB         208 kB
Ôö£ ãÆ /matchs                              5.12 kB         101 kB
Ôö£ Ôùï /onboarding                          8.08 kB         153 kB
Ôö£ ãÆ /opengraph-image                     0 B                0 B
Ôö£ Ôùï /privacy                             2.42 kB         108 kB
Ôö£ Ôùï /probability-optimization-models     155 B           151 kB
Ôö£ ãÆ /pronostic/[match]                   3.61 kB         117 kB
Ôö£ Ôùï /pronostics                          194 B          96.1 kB
Ôö£ Ôùï /redirect                            4.26 kB         128 kB
Ôö£ ãÆ /register                            13.9 kB         145 kB
Ôö£ ãÆ /reset-password                      5.42 kB         113 kB
Ôö£ Ôùï /responsible-gaming                  2.42 kB         108 kB
Ôö£ Ôùï /retrait-1xbet-orange-money          2.95 kB         109 kB
Ôö£ Ôùï /robots.txt                          0 B                0 B
Ôö£ ãÆ /sitemap.xml                         0 B                0 B
Ôö£ Ôùï /terms                               2.42 kB         108 kB
Ôö£ ãÆ /ticket/[id]                         6.96 kB         110 kB
Ôö£ Ôùï /try-free                            194 B          96.1 kB
Ôö£ ãÆ /unlock-vip                          8.56 kB         215 kB
Ôö£ Ôùï /verificateur-compte                 4.3 kB          111 kB
Ôöö ãÆ /verify-email                        5.01 kB         113 kB
+ First Load JS shared by all            87.2 kB
  Ôö£ chunks/2117-11927caeeec212f8.js      31.6 kB
  Ôö£ chunks/fd9d1056-625fecc84cd8656f.js  53.6 kB
  Ôöö other shared chunks (total)          1.97 kB


ãÆ Middleware                             73.6 kB

Ôùï  (Static)   prerendered as static content
ÔùÅ  (SSG)      prerendered as static HTML (uses getStaticProps)
ãÆ  (Dynamic)  server-rendered on demand

