
> algopronos-ai@1.0.0 build
> next build

  Ôû▓ Next.js 14.2.28
  - Environments: .env

   Creating an optimized production build ...
 Ô£ô Compiled successfully
   Linting and checking validity of types ...
   Collecting page data ...
node.exe :  ÔÜá Using edge runtime on a page currently disables static generation for that page
Au caractère Ligne:1 : 1
+ & "C:\Program Files\nodejs/node.exe" "C:\Program Files\nodejs/node_mo ...
+ ~~~~~~~~~~~~~~~~~~~~~~~~~~~~~~~~~~~~~~~~~~~~~~~~~~~~~~~~~~~~~~~~~~~~~
    + CategoryInfo          : NotSpecified: ( ÔÜá Using edge...n for that page:String) [], RemoteException
    + FullyQualifiedErrorId : NativeCommandError
 
   Generating static pages (0/62) ...
Error getting current user: n [Error]: Dynamic server usage: Route /api/my-combines couldn't be rendered statically because it used 
`cookies`. See more info here: https://nextjs.org/docs/messages/dynamic-server-error
    at l (C:\Users\HP\AlgoPronos-AI-new\.next\server\chunks\8948.js:1:37220)
    at d (C:\Users\HP\AlgoPronos-AI-new\.next\server\chunks\9702.js:5:9301)
    at n (C:\Users\HP\AlgoPronos-AI-new\.next\server\app\api\generate\route.js:24:9482)
    at l (C:\Users\HP\AlgoPronos-AI-new\.next\server\app\api\generate\route.js:24:9960)
    at l (C:\Users\HP\AlgoPronos-AI-new\.next\server\app\api\my-combines\route.js:1:845)
    at C:\Users\HP\AlgoPronos-AI-new\node_modules\next\dist\compiled\next-server\app-route.runtime.prod.js:6:38417
    at C:\Users\HP\AlgoPronos-AI-new\node_modules\next\dist\server\lib\trace\tracer.js:140:36
    at NoopContextManager.with (C:\Users\HP\AlgoPronos-AI-new\node_modules\next\dist\compiled\@opentelemetry\api\index.js:1:7062)
    at ContextAPI.with (C:\Users\HP\AlgoPronos-AI-new\node_modules\next\dist\compiled\@opentelemetry\api\index.js:1:518)
    at NoopTracer.startActiveSpan (C:\Users\HP\AlgoPronos-AI-new\node_modules\next\dist\compiled\@opentelemetry\api\index.js:1:18093) {
  description: "Route /api/my-combines couldn't be rendered statically because it used `cookies`. See more info here: 
https://nextjs.org/docs/messages/dynamic-server-error",
  digest: 'DYNAMIC_SERVER_USAGE'
}
   Generating static pages (15/62) 
 ÔÜá metadataBase property in metadata export is not set for resolving social open graph or twitter images, using 
"http://localhost:3000". See https://nextjs.org/docs/app/api-reference/functions/generate-metadata#metadatabase
 ÔÜá metadataBase property in metadata export is not set for resolving social open graph or twitter images, using 
"http://localhost:3000". See https://nextjs.org/docs/app/api-reference/functions/generate-metadata#metadatabase
 ÔÜá metadataBase property in metadata export is not set for resolving social open graph or twitter images, using 
"http://localhost:3000". See https://nextjs.org/docs/app/api-reference/functions/generate-metadata#metadatabase
 ÔÜá metadataBase property in metadata export is not set for resolving social open graph or twitter images, using 
"http://localhost:3000". See https://nextjs.org/docs/app/api-reference/functions/generate-metadata#metadatabase
 ÔÜá metadataBase property in metadata export is not set for resolving social open graph or twitter images, using 
"http://localhost:3000". See https://nextjs.org/docs/app/api-reference/functions/generate-metadata#metadatabase
 ÔÜá metadataBase property in metadata export is not set for resolving social open graph or twitter images, using 
"http://localhost:3000". See https://nextjs.org/docs/app/api-reference/functions/generate-metadata#metadatabase
 ÔÜá metadataBase property in metadata export is not set for resolving social open graph or twitter images, using 
"http://localhost:3000". See https://nextjs.org/docs/app/api-reference/functions/generate-metadata#metadatabase
   Generating static pages (30/62) 
Error: Missing Supabase environment variables (SUPABASE_SERVICE_ROLE_KEY)
    at i (C:\Users\HP\AlgoPronos-AI-new\.next\server\app\api\anonymous\session\route.js:1:6989)
    at c (C:\Users\HP\AlgoPronos-AI-new\.next\server\app\classement\page.js:1:20951)
    at d (C:\Users\HP\AlgoPronos-AI-new\.next\server\app\classement\page.js:1:21307)
    at eh (C:\Users\HP\AlgoPronos-AI-new\node_modules\next\dist\compiled\next-server\app-page.runtime.prod.js:12:134660)
    at e (C:\Users\HP\AlgoPronos-AI-new\node_modules\next\dist\compiled\next-server\app-page.runtime.prod.js:12:137545)
    at ek (C:\Users\HP\AlgoPronos-AI-new\node_modules\next\dist\compiled\next-server\app-page.runtime.prod.js:12:138019)
    at Array.toJSON (C:\Users\HP\AlgoPronos-AI-new\node_modules\next\dist\compiled\next-server\app-page.runtime.prod.js:12:135629)
    at stringify (<anonymous>)
    at eP (C:\Users\HP\AlgoPronos-AI-new\node_modules\next\dist\compiled\next-server\app-page.runtime.prod.js:12:142093)
    at eE (C:\Users\HP\AlgoPronos-AI-new\node_modules\next\dist\compiled\next-server\app-page.runtime.prod.js:12:142572) {
  digest: '4122510645'
}
Error: Missing Supabase environment variables (SUPABASE_SERVICE_ROLE_KEY)
    at i (C:\Users\HP\AlgoPronos-AI-new\.next\server\app\api\anonymous\session\route.js:1:6989)
    at c (C:\Users\HP\AlgoPronos-AI-new\.next\server\app\classement\page.js:1:20951)
    at d (C:\Users\HP\AlgoPronos-AI-new\.next\server\app\classement\page.js:1:21307)
    at eh (C:\Users\HP\AlgoPronos-AI-new\node_modules\next\dist\compiled\next-server\app-page.runtime.prod.js:12:134660)
    at e (C:\Users\HP\AlgoPronos-AI-new\node_modules\next\dist\compiled\next-server\app-page.runtime.prod.js:12:137545)
    at ek (C:\Users\HP\AlgoPronos-AI-new\node_modules\next\dist\compiled\next-server\app-page.runtime.prod.js:12:138019)
    at Array.toJSON (C:\Users\HP\AlgoPronos-AI-new\node_modules\next\dist\compiled\next-server\app-page.runtime.prod.js:12:135629)
    at stringify (<anonymous>)
    at eP (C:\Users\HP\AlgoPronos-AI-new\node_modules\next\dist\compiled\next-server\app-page.runtime.prod.js:12:142093)
    at eE (C:\Users\HP\AlgoPronos-AI-new\node_modules\next\dist\compiled\next-server\app-page.runtime.prod.js:12:142572) {
  digest: '4122510645'
}
Error: Missing Supabase environment variables (SUPABASE_SERVICE_ROLE_KEY)
    at i (C:\Users\HP\AlgoPronos-AI-new\.next\server\app\api\anonymous\session\route.js:1:6989)
    at c (C:\Users\HP\AlgoPronos-AI-new\.next\server\app\classement\page.js:1:20951)
    at d (C:\Users\HP\AlgoPronos-AI-new\.next\server\app\classement\page.js:1:21307)
    at eh (C:\Users\HP\AlgoPronos-AI-new\node_modules\next\dist\compiled\next-server\app-page.runtime.prod.js:12:134660)
    at e (C:\Users\HP\AlgoPronos-AI-new\node_modules\next\dist\compiled\next-server\app-page.runtime.prod.js:12:137545)
    at ek (C:\Users\HP\AlgoPronos-AI-new\node_modules\next\dist\compiled\next-server\app-page.runtime.prod.js:12:138019)
    at Array.toJSON (C:\Users\HP\AlgoPronos-AI-new\node_modules\next\dist\compiled\next-server\app-page.runtime.prod.js:12:135629)
    at stringify (<anonymous>)
    at eP (C:\Users\HP\AlgoPronos-AI-new\node_modules\next\dist\compiled\next-server\app-page.runtime.prod.js:12:142093)
    at eE (C:\Users\HP\AlgoPronos-AI-new\node_modules\next\dist\compiled\next-server\app-page.runtime.prod.js:12:142572) {
  digest: '4122510645'
}

Error occurred prerendering page "/classement". Read more: https://nextjs.org/docs/messages/prerender-error

Error: Missing Supabase environment variables (SUPABASE_SERVICE_ROLE_KEY)
    at i (C:\Users\HP\AlgoPronos-AI-new\.next\server\app\api\anonymous\session\route.js:1:6989)
    at c (C:\Users\HP\AlgoPronos-AI-new\.next\server\app\classement\page.js:1:20951)
    at d (C:\Users\HP\AlgoPronos-AI-new\.next\server\app\classement\page.js:1:21307)
    at eh (C:\Users\HP\AlgoPronos-AI-new\node_modules\next\dist\compiled\next-server\app-page.runtime.prod.js:12:134660)
    at e (C:\Users\HP\AlgoPronos-AI-new\node_modules\next\dist\compiled\next-server\app-page.runtime.prod.js:12:137545)
    at ek (C:\Users\HP\AlgoPronos-AI-new\node_modules\next\dist\compiled\next-server\app-page.runtime.prod.js:12:138019)
    at Array.toJSON (C:\Users\HP\AlgoPronos-AI-new\node_modules\next\dist\compiled\next-server\app-page.runtime.prod.js:12:135629)
    at stringify (<anonymous>)
    at eP (C:\Users\HP\AlgoPronos-AI-new\node_modules\next\dist\compiled\next-server\app-page.runtime.prod.js:12:142093)
    at eE (C:\Users\HP\AlgoPronos-AI-new\node_modules\next\dist\compiled\next-server\app-page.runtime.prod.js:12:142572)
Error: Missing Supabase environment variables (SUPABASE_SERVICE_ROLE_KEY)
    at l (C:\Users\HP\AlgoPronos-AI-new\.next\server\app\admin\page.js:4:7180)
    at v (C:\Users\HP\AlgoPronos-AI-new\.next\server\app\pronostics\page.js:1:3946)
    at eh (C:\Users\HP\AlgoPronos-AI-new\node_modules\next\dist\compiled\next-server\app-page.runtime.prod.js:12:134660)
    at e (C:\Users\HP\AlgoPronos-AI-new\node_modules\next\dist\compiled\next-server\app-page.runtime.prod.js:12:137545)
    at ek (C:\Users\HP\AlgoPronos-AI-new\node_modules\next\dist\compiled\next-server\app-page.runtime.prod.js:12:138019)
    at Array.toJSON (C:\Users\HP\AlgoPronos-AI-new\node_modules\next\dist\compiled\next-server\app-page.runtime.prod.js:12:135629)
    at stringify (<anonymous>)
    at eP (C:\Users\HP\AlgoPronos-AI-new\node_modules\next\dist\compiled\next-server\app-page.runtime.prod.js:12:142093)
   Generating static pages (46/62) 
    at eE (C:\Users\HP\AlgoPronos-AI-new\node_modules\next\dist\compiled\next-server\app-page.runtime.prod.js:12:142572)
    at AsyncLocalStorage.run (node:internal/async_local_storage/async_hooks:91:14) {
  digest: '144434349'
}
Error: Missing Supabase environment variables (SUPABASE_SERVICE_ROLE_KEY)
    at l (C:\Users\HP\AlgoPronos-AI-new\.next\server\app\admin\page.js:4:7180)
    at v (C:\Users\HP\AlgoPronos-AI-new\.next\server\app\pronostics\page.js:1:3946)
    at eh (C:\Users\HP\AlgoPronos-AI-new\node_modules\next\dist\compiled\next-server\app-page.runtime.prod.js:12:134660)
    at e (C:\Users\HP\AlgoPronos-AI-new\node_modules\next\dist\compiled\next-server\app-page.runtime.prod.js:12:137545)
    at ek (C:\Users\HP\AlgoPronos-AI-new\node_modules\next\dist\compiled\next-server\app-page.runtime.prod.js:12:138019)
    at Array.toJSON (C:\Users\HP\AlgoPronos-AI-new\node_modules\next\dist\compiled\next-server\app-page.runtime.prod.js:12:135629)
    at stringify (<anonymous>)
    at eP (C:\Users\HP\AlgoPronos-AI-new\node_modules\next\dist\compiled\next-server\app-page.runtime.prod.js:12:142093)
    at eE (C:\Users\HP\AlgoPronos-AI-new\node_modules\next\dist\compiled\next-server\app-page.runtime.prod.js:12:142572)
    at Timeout._onTimeout (C:\Users\HP\AlgoPronos-AI-new\node_modules\next\dist\compiled\next-server\app-page.runtime.prod.js:12:135349) {
  digest: '2389751812'
}
Error: Missing Supabase environment variables (SUPABASE_SERVICE_ROLE_KEY)
    at l (C:\Users\HP\AlgoPronos-AI-new\.next\server\app\admin\page.js:4:7180)
    at v (C:\Users\HP\AlgoPronos-AI-new\.next\server\app\pronostics\page.js:1:3946)
    at eh (C:\Users\HP\AlgoPronos-AI-new\node_modules\next\dist\compiled\next-server\app-page.runtime.prod.js:12:134660)
    at e (C:\Users\HP\AlgoPronos-AI-new\node_modules\next\dist\compiled\next-server\app-page.runtime.prod.js:12:137545)
    at ek (C:\Users\HP\AlgoPronos-AI-new\node_modules\next\dist\compiled\next-server\app-page.runtime.prod.js:12:138019)
    at Array.toJSON (C:\Users\HP\AlgoPronos-AI-new\node_modules\next\dist\compiled\next-server\app-page.runtime.prod.js:12:135629)
    at stringify (<anonymous>)
    at eP (C:\Users\HP\AlgoPronos-AI-new\node_modules\next\dist\compiled\next-server\app-page.runtime.prod.js:12:142093)
    at eE (C:\Users\HP\AlgoPronos-AI-new\node_modules\next\dist\compiled\next-server\app-page.runtime.prod.js:12:142572)
    at Timeout._onTimeout (C:\Users\HP\AlgoPronos-AI-new\node_modules\next\dist\compiled\next-server\app-page.runtime.prod.js:12:135349) {
  digest: '2389751812'
}

Error occurred prerendering page "/pronostics". Read more: https://nextjs.org/docs/messages/prerender-error

Error: Missing Supabase environment variables (SUPABASE_SERVICE_ROLE_KEY)
    at l (C:\Users\HP\AlgoPronos-AI-new\.next\server\app\admin\page.js:4:7180)
    at v (C:\Users\HP\AlgoPronos-AI-new\.next\server\app\pronostics\page.js:1:3946)
    at eh (C:\Users\HP\AlgoPronos-AI-new\node_modules\next\dist\compiled\next-server\app-page.runtime.prod.js:12:134660)
    at e (C:\Users\HP\AlgoPronos-AI-new\node_modules\next\dist\compiled\next-server\app-page.runtime.prod.js:12:137545)
    at ek (C:\Users\HP\AlgoPronos-AI-new\node_modules\next\dist\compiled\next-server\app-page.runtime.prod.js:12:138019)
    at Array.toJSON (C:\Users\HP\AlgoPronos-AI-new\node_modules\next\dist\compiled\next-server\app-page.runtime.prod.js:12:135629)
    at stringify (<anonymous>)
    at eP (C:\Users\HP\AlgoPronos-AI-new\node_modules\next\dist\compiled\next-server\app-page.runtime.prod.js:12:142093)
    at eE (C:\Users\HP\AlgoPronos-AI-new\node_modules\next\dist\compiled\next-server\app-page.runtime.prod.js:12:142572)
    at AsyncLocalStorage.run (node:internal/async_local_storage/async_hooks:91:14)
 Ô£ô Generating static pages (62/62)

> Export encountered errors on following paths:
	/classement/page: /classement
	/pronostics/page: /pronostics
